// Jest Snapshot v1, https://goo.gl/fbAQLP

exports[`PokemonPage Must match the Snapshot when Pokemons been loaded 1`] = `
<div>
  <h1>Quien es este Pokemon?</h1>
  <pokemon-image-stub pokemonid="1" showpokemon="false" class="app-center"></pokemon-image-stub>
  <pokemon-options-stub pokemons="[object Object],[object Object],[object Object],[object Object]" class="app-center"></pokemon-options-stub>
  <!--v-if-->
</div>
`;
